// Jest Snapshot v1, https://goo.gl/fbAQLP

exports[`renders correctly 1`] = `
ShallowWrapper {
  Symbol(enzyme.__root__): [Circular],
  Symbol(enzyme.__unrendered__): <Toolbar />,
  Symbol(enzyme.__renderer__): Object {
    "batchedUpdates": [Function],
    "getNode": [Function],
    "render": [Function],
    "simulateError": [Function],
    "simulateEvent": [Function],
    "unmount": [Function],
  },
  Symbol(enzyme.__node__): Object {
    "instance": null,
    "key": undefined,
    "nodeType": "host",
    "props": Object {
      "children": Array [
        <Button
          blue={false}
          className="button ride"
          dark={false}
          disabled={false}
          label="Ride: undefined"
        />,
        <Button
          blue={false}
          className="button annotation"
          dark={false}
          disabled={false}
          label="Annotation"
          onClick={[Function]}
        />,
        <Button
          blue={false}
          className="button comparison"
          dark={false}
          disabled={false}
          label="Comparison"
          on={false}
          onClick={[Function]}
        />,
        <Button
          blue={false}
          className="button measurement"
          dark={false}
          disabled={false}
          label="Measurement"
          on={false}
          onClick={[Function]}
        />,
        <Button
          blue={false}
          className="button download"
          dark={false}
          disabled={false}
          label="Download"
          onClick={[Function]}
        />,
        <Button
          blue={false}
          className="button bookmark"
          dark={false}
          disabled={false}
          label="Bookmark"
          onClick={[Function]}
        />,
      ],
      "className": "toolbar",
    },
    "ref": null,
    "rendered": Array [
      Object {
        "instance": null,
        "key": undefined,
        "nodeType": "function",
        "props": Object {
          "blue": false,
          "className": "button ride",
          "dark": false,
          "disabled": false,
          "label": "Ride: undefined",
          "onClick": undefined,
        },
        "ref": null,
        "rendered": null,
        "type": [Function],
      },
      Object {
        "instance": null,
        "key": undefined,
        "nodeType": "function",
        "props": Object {
          "blue": false,
          "className": "button annotation",
          "dark": false,
          "disabled": false,
          "label": "Annotation",
          "onClick": [Function],
        },
        "ref": null,
        "rendered": null,
        "type": [Function],
      },
      Object {
        "instance": null,
        "key": undefined,
        "nodeType": "function",
        "props": Object {
          "blue": false,
          "className": "button comparison",
          "dark": false,
          "disabled": false,
          "label": "Comparison",
          "on": false,
          "onClick": [Function],
        },
        "ref": null,
        "rendered": null,
        "type": [Function],
      },
      Object {
        "instance": null,
        "key": undefined,
        "nodeType": "function",
        "props": Object {
          "blue": false,
          "className": "button measurement",
          "dark": false,
          "disabled": false,
          "label": "Measurement",
          "on": false,
          "onClick": [Function],
        },
        "ref": null,
        "rendered": null,
        "type": [Function],
      },
      Object {
        "instance": null,
        "key": undefined,
        "nodeType": "function",
        "props": Object {
          "blue": false,
          "className": "button download",
          "dark": false,
          "disabled": false,
          "label": "Download",
          "onClick": [Function],
        },
        "ref": null,
        "rendered": null,
        "type": [Function],
      },
      Object {
        "instance": null,
        "key": undefined,
        "nodeType": "function",
        "props": Object {
          "blue": false,
          "className": "button bookmark",
          "dark": false,
          "disabled": false,
          "label": "Bookmark",
          "onClick": [Function],
        },
        "ref": null,
        "rendered": null,
        "type": [Function],
      },
    ],
    "type": "div",
  },
  Symbol(enzyme.__nodes__): Array [
    Object {
      "instance": null,
      "key": undefined,
      "nodeType": "host",
      "props": Object {
        "children": Array [
          <Button
            blue={false}
            className="button ride"
            dark={false}
            disabled={false}
            label="Ride: undefined"
          />,
          <Button
            blue={false}
            className="button annotation"
            dark={false}
            disabled={false}
            label="Annotation"
            onClick={[Function]}
          />,
          <Button
            blue={false}
            className="button comparison"
            dark={false}
            disabled={false}
            label="Comparison"
            on={false}
            onClick={[Function]}
          />,
          <Button
            blue={false}
            className="button measurement"
            dark={false}
            disabled={false}
            label="Measurement"
            on={false}
            onClick={[Function]}
          />,
          <Button
            blue={false}
            className="button download"
            dark={false}
            disabled={false}
            label="Download"
            onClick={[Function]}
          />,
          <Button
            blue={false}
            className="button bookmark"
            dark={false}
            disabled={false}
            label="Bookmark"
            onClick={[Function]}
          />,
        ],
        "className": "toolbar",
      },
      "ref": null,
      "rendered": Array [
        Object {
          "instance": null,
          "key": undefined,
          "nodeType": "function",
          "props": Object {
            "blue": false,
            "className": "button ride",
            "dark": false,
            "disabled": false,
            "label": "Ride: undefined",
            "onClick": undefined,
          },
          "ref": null,
          "rendered": null,
          "type": [Function],
        },
        Object {
          "instance": null,
          "key": undefined,
          "nodeType": "function",
          "props": Object {
            "blue": false,
            "className": "button annotation",
            "dark": false,
            "disabled": false,
            "label": "Annotation",
            "onClick": [Function],
          },
          "ref": null,
          "rendered": null,
          "type": [Function],
        },
        Object {
          "instance": null,
          "key": undefined,
          "nodeType": "function",
          "props": Object {
            "blue": false,
            "className": "button comparison",
            "dark": false,
            "disabled": false,
            "label": "Comparison",
            "on": false,
            "onClick": [Function],
          },
          "ref": null,
          "rendered": null,
          "type": [Function],
        },
        Object {
          "instance": null,
          "key": undefined,
          "nodeType": "function",
          "props": Object {
            "blue": false,
            "className": "button measurement",
            "dark": false,
            "disabled": false,
            "label": "Measurement",
            "on": false,
            "onClick": [Function],
          },
          "ref": null,
          "rendered": null,
          "type": [Function],
        },
        Object {
          "instance": null,
          "key": undefined,
          "nodeType": "function",
          "props": Object {
            "blue": false,
            "className": "button download",
            "dark": false,
            "disabled": false,
            "label": "Download",
            "onClick": [Function],
          },
          "ref": null,
          "rendered": null,
          "type": [Function],
        },
        Object {
          "instance": null,
          "key": undefined,
          "nodeType": "function",
          "props": Object {
            "blue": false,
            "className": "button bookmark",
            "dark": false,
            "disabled": false,
            "label": "Bookmark",
            "onClick": [Function],
          },
          "ref": null,
          "rendered": null,
          "type": [Function],
        },
      ],
      "type": "div",
    },
  ],
  Symbol(enzyme.__options__): Object {
    "adapter": ReactSixteenAdapter {
      "options": Object {
        "enableComponentDidUpdateOnSetState": true,
        "lifecycles": Object {
          "componentDidUpdate": Object {
            "onSetState": true,
          },
          "getDerivedStateFromProps": true,
          "getSnapshotBeforeUpdate": true,
          "setState": Object {
            "skipsComponentDidUpdateOnNullish": true,
          },
        },
      },
    },
  },
}
`;
